======================================================================
SEDD Trajectory Tracking
  model:  louaaron/sedd-medium
  steps:  64
  device: cuda
  seed:   42
======================================================================

Initial state: all 1024 positions are MASK (50257)

  Step        t      sigma   unmasked   new_unmask    changed
----------------------------------------------------------------------
     0   1.0000     6.9078         20           20         20
     1   0.9844     4.0978         38           18         18
     2   0.9688     3.4352         55           17         17
     3   0.9531     3.0402         75           20         20
     4   0.9375     2.7577         97           22         22
     5   0.9219     2.5377        110           13         13
     6   0.9063     2.3575        131           21         21
     7   0.8906     2.2049        145           14         14
     8   0.8750     2.0725        159           14         14
     9   0.8594     1.9556        171           12         12
    12   0.8125     1.6697        216           19         19
    15   0.7656     1.4476        263           17         17
    18   0.7188     1.2660        309           13         13
    21   0.6719     1.1123        363           17         17
    24   0.6250     0.9792        402           14         14
    27   0.5781     0.8617        459           16         16
    30   0.5313     0.7566        499           19         19
    33   0.4844     0.6614        545           17         17
    36   0.4375     0.5746        599           16         16
    39   0.3906     0.4947        638           10         10
    42   0.3438     0.4207        687           14         14
    45   0.2969     0.3518        741           22         22
    48   0.2500     0.2874        786           15         15
    51   0.2031     0.2268        835           20         20
    54   0.1563     0.1697        877           14         14
    57   0.1094     0.1157        926           20         20
    60   0.0625     0.0645        979           22         22
    63   0.0156     0.0157       1023           11         11

======================================================================
Final denoising step
======================================================================

  Unmasked after denoiser: 1024 / 1024
  Still masked:            0

======================================================================
Verification
======================================================================

  Unmasked count monotonically increasing? True
  All positions unmasked after denoiser?   True

======================================================================
Unmasking order analysis (first 20 positions to unmask)
======================================================================

  Position  Unmask Step                          Token
-------------------------------------------------------
       781            0                        ' rule'
       440            0                        ' most'
       405            0                       ' again'
       497            0                        ' says'
       383            0                        ' when'
       617            0                            ':'
       321            0                          ' in'
       696            0                        ' down'
       697            0                          ' it'
       750            0                      ' public'
       756            0                          ' 11'
       316            0                        ' just'
       787            0                            '.'
       791            0                        ' with'
       844            0                     ' foreign'
       858            0                         ' and'
         1            0                          ' to'
       963            0                          "'re"
       234            0                          ' Ka'
        96            0                        ' tell'

======================================================================
Decoded output (first 200 chars)
======================================================================

 mouth to be smoke a to referred till today
 then

" p-$cr not a by up to out allow it tor his up up down my up down down. at up up up up up up up up up up up up other positions other position seeking
...

======================================================================
Unmasking curve summary
======================================================================

  Step     0:    20 / 1024 unmasked
  Step    16:   275 / 1024 unmasked
  Step    32:   528 / 1024 unmasked
  Step    48:   786 / 1024 unmasked
  Step    63:  1023 / 1024 unmasked

Done.
