======================================================================
SEDD Experiment: LTR | causal | no-renoise
======================================================================
  model:    louaaron/sedd-medium
  prefix:   'The horse raced past the barn'
  target:   'The horse raced past the barn fell'
  steps:    1024
  seed:     42
  ltr:      True
  causal:   True
  renoise:  False (sigma=1.0)
======================================================================

Setting causal attention mode...
  prefix tokens (6): [464, 8223, 32897, 1613, 262, 25203]
  prefix decoded: 'The horse raced past the barn'
  target tokens (7): [464, 8223, 32897, 1613, 262, 25203, 3214]
  target decoded: 'The horse raced past the barn fell'

======================================================================
Sampling loop (1024 steps)
======================================================================

  step     0 | frontier=   6 | unmasked=    6 | 0:P:'The' | 1:P:' horse' | 2:P:' raced' | 3:P:' past' | 4:P:' the' | 5:P:' barn' | 6:F:[MASK] | 7:M:[MASK] | 8:M:[MASK] | 9:M:[MASK] | 10:M:[MASK] | 11:M:[MASK] | 12:M:[MASK] | 13:M:[MASK] | 14:M:[MASK] | 15:M:[MASK]
  step     1 | frontier=   6 | unmasked=    6 | 0:P:'The' | 1:P:' horse' | 2:P:' raced' | 3:P:' past' | 4:P:' the' | 5:P:' barn' | 6:F:[MASK] | 7:M:[MASK] | 8:M:[MASK] | 9:M:[MASK] | 10:M:[MASK] | 11:M:[MASK] | 12:M:[MASK] | 13:M:[MASK] | 14:M:[MASK] | 15:M:[MASK]
  step     2 | frontier=   6 | unmasked=    6 | 0:P:'The' | 1:P:' horse' | 2:P:' raced' | 3:P:' past' | 4:P:' the' | 5:P:' barn' | 6:F:[MASK] | 7:M:[MASK] | 8:M:[MASK] | 9:M:[MASK] | 10:M:[MASK] | 11:M:[MASK] | 12:M:[MASK] | 13:M:[MASK] | 14:M:[MASK] | 15:M:[MASK]
  step     3 | frontier=   6 | unmasked=    6 | 0:P:'The' | 1:P:' horse' | 2:P:' raced' | 3:P:' past' | 4:P:' the' | 5:P:' barn' | 6:F:[MASK] | 7:M:[MASK] | 8:M:[MASK] | 9:M:[MASK] | 10:M:[MASK] | 11:M:[MASK] | 12:M:[MASK] | 13:M:[MASK] | 14:M:[MASK] | 15:M:[MASK]
  step     4 | frontier=   6 | unmasked=    6 | 0:P:'The' | 1:P:' horse' | 2:P:' raced' | 3:P:' past' | 4:P:' the' | 5:P:' barn' | 6:F:[MASK] | 7:M:[MASK] | 8:M:[MASK] | 9:M:[MASK] | 10:M:[MASK] | 11:M:[MASK] | 12:M:[MASK] | 13:M:[MASK] | 14:M:[MASK] | 15:M:[MASK]
  step    51 | frontier=   6 | unmasked=    6 | 0:P:'The' | 1:P:' horse' | 2:P:' raced' | 3:P:' past' | 4:P:' the' | 5:P:' barn' | 6:F:[MASK] | 7:M:[MASK] | 8:M:[MASK] | 9:M:[MASK] | 10:M:[MASK] | 11:M:[MASK] | 12:M:[MASK] | 13:M:[MASK] | 14:M:[MASK] | 15:M:[MASK]
  step   102 | frontier=   6 | unmasked=    6 | 0:P:'The' | 1:P:' horse' | 2:P:' raced' | 3:P:' past' | 4:P:' the' | 5:P:' barn' | 6:F:[MASK] | 7:M:[MASK] | 8:M:[MASK] | 9:M:[MASK] | 10:M:[MASK] | 11:M:[MASK] | 12:M:[MASK] | 13:M:[MASK] | 14:M:[MASK] | 15:M:[MASK]
  step   153 | frontier=   6 | unmasked=    6 | 0:P:'The' | 1:P:' horse' | 2:P:' raced' | 3:P:' past' | 4:P:' the' | 5:P:' barn' | 6:F:[MASK] | 7:M:[MASK] | 8:M:[MASK] | 9:M:[MASK] | 10:M:[MASK] | 11:M:[MASK] | 12:M:[MASK] | 13:M:[MASK] | 14:M:[MASK] | 15:M:[MASK]
  step   204 | frontier=   6 | unmasked=    6 | 0:P:'The' | 1:P:' horse' | 2:P:' raced' | 3:P:' past' | 4:P:' the' | 5:P:' barn' | 6:F:[MASK] | 7:M:[MASK] | 8:M:[MASK] | 9:M:[MASK] | 10:M:[MASK] | 11:M:[MASK] | 12:M:[MASK] | 13:M:[MASK] | 14:M:[MASK] | 15:M:[MASK]
  step   255 | frontier=   6 | unmasked=    6 | 0:P:'The' | 1:P:' horse' | 2:P:' raced' | 3:P:' past' | 4:P:' the' | 5:P:' barn' | 6:F:[MASK] | 7:M:[MASK] | 8:M:[MASK] | 9:M:[MASK] | 10:M:[MASK] | 11:M:[MASK] | 12:M:[MASK] | 13:M:[MASK] | 14:M:[MASK] | 15:M:[MASK]
  step   306 | frontier=   6 | unmasked=    6 | 0:P:'The' | 1:P:' horse' | 2:P:' raced' | 3:P:' past' | 4:P:' the' | 5:P:' barn' | 6:F:[MASK] | 7:M:[MASK] | 8:M:[MASK] | 9:M:[MASK] | 10:M:[MASK] | 11:M:[MASK] | 12:M:[MASK] | 13:M:[MASK] | 14:M:[MASK] | 15:M:[MASK]
  step   357 | frontier=   6 | unmasked=    6 | 0:P:'The' | 1:P:' horse' | 2:P:' raced' | 3:P:' past' | 4:P:' the' | 5:P:' barn' | 6:F:[MASK] | 7:M:[MASK] | 8:M:[MASK] | 9:M:[MASK] | 10:M:[MASK] | 11:M:[MASK] | 12:M:[MASK] | 13:M:[MASK] | 14:M:[MASK] | 15:M:[MASK]
  step   408 | frontier=   6 | unmasked=    6 | 0:P:'The' | 1:P:' horse' | 2:P:' raced' | 3:P:' past' | 4:P:' the' | 5:P:' barn' | 6:F:[MASK] | 7:M:[MASK] | 8:M:[MASK] | 9:M:[MASK] | 10:M:[MASK] | 11:M:[MASK] | 12:M:[MASK] | 13:M:[MASK] | 14:M:[MASK] | 15:M:[MASK]
  step   459 | frontier=   6 | unmasked=    6 | 0:P:'The' | 1:P:' horse' | 2:P:' raced' | 3:P:' past' | 4:P:' the' | 5:P:' barn' | 6:F:[MASK] | 7:M:[MASK] | 8:M:[MASK] | 9:M:[MASK] | 10:M:[MASK] | 11:M:[MASK] | 12:M:[MASK] | 13:M:[MASK] | 14:M:[MASK] | 15:M:[MASK]
  step   510 | frontier=   6 | unmasked=    6 | 0:P:'The' | 1:P:' horse' | 2:P:' raced' | 3:P:' past' | 4:P:' the' | 5:P:' barn' | 6:F:[MASK] | 7:M:[MASK] | 8:M:[MASK] | 9:M:[MASK] | 10:M:[MASK] | 11:M:[MASK] | 12:M:[MASK] | 13:M:[MASK] | 14:M:[MASK] | 15:M:[MASK]
  step   561 | frontier=   6 | unmasked=    6 | 0:P:'The' | 1:P:' horse' | 2:P:' raced' | 3:P:' past' | 4:P:' the' | 5:P:' barn' | 6:F:[MASK] | 7:M:[MASK] | 8:M:[MASK] | 9:M:[MASK] | 10:M:[MASK] | 11:M:[MASK] | 12:M:[MASK] | 13:M:[MASK] | 14:M:[MASK] | 15:M:[MASK]
  step   612 | frontier=   6 | unmasked=    6 | 0:P:'The' | 1:P:' horse' | 2:P:' raced' | 3:P:' past' | 4:P:' the' | 5:P:' barn' | 6:F:[MASK] | 7:M:[MASK] | 8:M:[MASK] | 9:M:[MASK] | 10:M:[MASK] | 11:M:[MASK] | 12:M:[MASK] | 13:M:[MASK] | 14:M:[MASK] | 15:M:[MASK]
  step   663 | frontier=   6 | unmasked=    6 | 0:P:'The' | 1:P:' horse' | 2:P:' raced' | 3:P:' past' | 4:P:' the' | 5:P:' barn' | 6:F:[MASK] | 7:M:[MASK] | 8:M:[MASK] | 9:M:[MASK] | 10:M:[MASK] | 11:M:[MASK] | 12:M:[MASK] | 13:M:[MASK] | 14:M:[MASK] | 15:M:[MASK]
  step   714 | frontier=   6 | unmasked=    6 | 0:P:'The' | 1:P:' horse' | 2:P:' raced' | 3:P:' past' | 4:P:' the' | 5:P:' barn' | 6:F:[MASK] | 7:M:[MASK] | 8:M:[MASK] | 9:M:[MASK] | 10:M:[MASK] | 11:M:[MASK] | 12:M:[MASK] | 13:M:[MASK] | 14:M:[MASK] | 15:M:[MASK]
  step   765 | frontier=   6 | unmasked=    6 | 0:P:'The' | 1:P:' horse' | 2:P:' raced' | 3:P:' past' | 4:P:' the' | 5:P:' barn' | 6:F:[MASK] | 7:M:[MASK] | 8:M:[MASK] | 9:M:[MASK] | 10:M:[MASK] | 11:M:[MASK] | 12:M:[MASK] | 13:M:[MASK] | 14:M:[MASK] | 15:M:[MASK]
  step   816 | frontier=   7 | unmasked=    7 | 0:P:'The' | 1:P:' horse' | 2:P:' raced' | 3:P:' past' | 4:P:' the' | 5:P:' barn' | 6:C:' t' | 7:F:[MASK] | 8:M:[MASK] | 9:M:[MASK] | 10:M:[MASK] | 11:M:[MASK] | 12:M:[MASK] | 13:M:[MASK] | 14:M:[MASK] | 15:M:[MASK] | 16:M:[MASK]
  step   867 | frontier=   7 | unmasked=    7 | 0:P:'The' | 1:P:' horse' | 2:P:' raced' | 3:P:' past' | 4:P:' the' | 5:P:' barn' | 6:C:' t' | 7:F:[MASK] | 8:M:[MASK] | 9:M:[MASK] | 10:M:[MASK] | 11:M:[MASK] | 12:M:[MASK] | 13:M:[MASK] | 14:M:[MASK] | 15:M:[MASK] | 16:M:[MASK]
  step   918 | frontier=   8 | unmasked=    8 | 0:P:'The' | 1:P:' horse' | 2:P:' raced' | 3:P:' past' | 4:P:' the' | 5:P:' barn' | 6:C:' t' | 7:C:' year' | 8:F:[MASK] | 9:M:[MASK] | 10:M:[MASK] | 11:M:[MASK] | 12:M:[MASK] | 13:M:[MASK] | 14:M:[MASK] | 15:M:[MASK] | 16:M:[MASK] | 17:M:[MASK]
  step   969 | frontier=   9 | unmasked=    9 | 0:P:'The' | 1:P:' horse' | 2:P:' raced' | 3:P:' past' | 4:P:' the' | 5:P:' barn' | 6:C:' t' | 7:C:' year' | 8:C:' L' | 9:F:[MASK] | 10:M:[MASK] | 11:M:[MASK] | 12:M:[MASK] | 13:M:[MASK] | 14:M:[MASK] | 15:M:[MASK] | 16:M:[MASK] | 17:M:[MASK] | 18:M:[MASK]
  step  1020 | frontier=  10 | unmasked=   10 | 0:P:'The' | 1:P:' horse' | 2:P:' raced' | 3:P:' past' | 4:P:' the' | 5:P:' barn' | 6:C:' t' | 7:C:' year' | 8:C:' L' | 9:C:' .' | 10:F:[MASK] | 11:M:[MASK] | 12:M:[MASK] | 13:M:[MASK] | 14:M:[MASK] | 15:M:[MASK] | 16:M:[MASK] | 17:M:[MASK] | 18:M:[MASK] | 19:M:[MASK]
  step  1023 | frontier=  11 | unmasked=   11 | 1:P:' horse' | 2:P:' raced' | 3:P:' past' | 4:P:' the' | 5:P:' barn' | 6:C:' t' | 7:C:' year' | 8:C:' L' | 9:C:' .' | 10:C:' .' | 11:F:[MASK] | 12:M:[MASK] | 13:M:[MASK] | 14:M:[MASK] | 15:M:[MASK] | 16:M:[MASK] | 17:M:[MASK] | 18:M:[MASK] | 19:M:[MASK] | 20:M:[MASK]

Final denoising step...

======================================================================
Results: LTR | causal | no-renoise
======================================================================

Generated text (first 300 chars):
  The horse raced past the barn t year L . . theluit tra PLAYItX can shown for. . perfectly River.. Thedx course view Is, shipped the It of fared ran difficult it 2006 .. hot first DOMBI . their? easy episode items ZinADE.), chances it Of . sadd these by Frank currentack… to California for, myalaocket

======================================================================
Commitment log (first 30 positions)
======================================================================

  Pos   Step  #Steps  Flicker                          Token
------------------------------------------------------------
    6    789     790        0                           ' t'
    7    917     128        0                        ' year'
    8    969      52        0                           ' L'
    9    994      25        0                           ' .'
   10   1023      29        0                           ' .'
   11   1024       1        0                         ' the'
   12   1024       1        0                            'l'
   13   1024       1        0                          'uit'
   14   1024       1        0                         ' tra'
   15   1024       1        0                        ' PLAY'
   16   1024       1        0                           'It'
   17   1024       1        0                            'X'
   18   1024       1        0                         ' can'
   19   1024       1        0                       ' shown'
   20   1024       1        0                         ' for'
   21   1024       1        0                            '.'
   22   1024       1        0                           ' .'
   23   1024       1        0                   ' perfectly'
   24   1024       1        0                       ' River'
   25   1024       1        0                            '.'
   26   1024       1        0                            '.'
   27   1024       1        0                         ' The'
   28   1024       1        0                           'dx'
   29   1024       1        0                      ' course'
   30   1024       1        0                        ' view'
   31   1024       1        0                           ' I'
   32   1024       1        0                            's'
   33   1024       1        0                            ','
   34   1024       1        0                     ' shipped'
   35   1024       1        0                         ' the'

  Total committed: 1018
  Avg steps/token: 2.0
  Avg flickering:  0.0

======================================================================
Frontier metrics (per-position summary)
======================================================================

  Pos                Token   Avg Surp  Avg Entropy   #Steps
------------------------------------------------------------
    6                 ' t'     18.191        3.262      790
      last step top-5: '':0.303, 's':0.142, ' of':0.067, ' the':0.038, "'s":0.014
    7              ' year'        nan        8.430      128
      last step top-5: '':0.155, ' of':0.030, ' raced':0.027, ' he':0.015, ' the':0.015
    8                 ' L'        nan        9.520       52
      last step top-5: '':0.067, '.':0.066, ' of':0.033, "'s":0.021, '-':0.021
    9                 ' .'        nan       10.631       25
      last step top-5: '':0.037, ' 1':0.020, '\n':0.016, ' the':0.015, '1':0.015
   10                 ' .'        nan        7.068       29
      last step top-5: ' .':0.406, '.':0.045, ' The':0.042, ' the':0.020, ' t':0.011

Final: 1024 / 1024 unmasked, 0 still MASK

Done. Config: LTR | causal | no-renoise
